// Jest Snapshot v1, https://goo.gl/fbAQLP

exports[`Render btn 1`] = `
<button
  className="sn-btn"
  type="button"
>
  Content
</button>
`;
